nohup: ignoring input

############################################################
# Varredura A: alvo de utilizacao
############################################################
============================================================
Ponto experimental: exp_minikube_rps40_alvo30_jan300_r1
  taxa alvo            40 req/s
  carga oferecida      2.00 nucleos
  alvo de utilizacao   30%
  janela de reducao    300s
============================================================
[1/6] restaurando estado inicial
[2/6] aplicando HPA com alvo=30% e janela=300s
       aguardando metrica ficar disponivel
[3/6] iniciando coleta por 405s
       registrando linha de base por 45s
[4/6] aplicando carga de 40 req/s por 240s
[5/6] coletando relatorio do gerador
       taxa alvo 40.0 req/s, acumulada 39.97 req/s
       aderencia em regime 0.999 (media de 12 janelas)
       latencia p50 73.5 ms, p95 1415.0 ms
[6/6] observando reducao por 120s
Concluido. 77 amostras em /home/rkai03/psi5120/tp1/dados/exp_minikube_rps40_alvo30_jan300_r1.csv

============================================================
Ponto experimental: exp_minikube_rps40_alvo30_jan300_r2
  taxa alvo            40 req/s
  carga oferecida      2.00 nucleos
  alvo de utilizacao   30%
  janela de reducao    300s
============================================================
[1/6] restaurando estado inicial
[2/6] aplicando HPA com alvo=30% e janela=300s
       aguardando metrica ficar disponivel
[3/6] iniciando coleta por 405s
       registrando linha de base por 45s
[4/6] aplicando carga de 40 req/s por 240s
[5/6] coletando relatorio do gerador
       taxa alvo 40.0 req/s, acumulada 39.82 req/s
       aderencia em regime 0.999 (media de 12 janelas)
       latencia p50 72.0 ms, p95 1399.1 ms
[6/6] observando reducao por 120s
Concluido. 77 amostras em /home/rkai03/psi5120/tp1/dados/exp_minikube_rps40_alvo30_jan300_r2.csv

============================================================
Ponto experimental: exp_minikube_rps40_alvo30_jan300_r3
  taxa alvo            40 req/s
  carga oferecida      2.00 nucleos
  alvo de utilizacao   30%
  janela de reducao    300s
============================================================
[1/6] restaurando estado inicial
[2/6] aplicando HPA com alvo=30% e janela=300s
       aguardando metrica ficar disponivel
[3/6] iniciando coleta por 405s
       registrando linha de base por 45s
[4/6] aplicando carga de 40 req/s por 240s
[5/6] coletando relatorio do gerador
       taxa alvo 40.0 req/s, acumulada 39.97 req/s
       aderencia em regime 0.999 (media de 12 janelas)
       latencia p50 72.3 ms, p95 1306.1 ms
[6/6] observando reducao por 120s
Concluido. 77 amostras em /home/rkai03/psi5120/tp1/dados/exp_minikube_rps40_alvo30_jan300_r3.csv

============================================================
Ponto experimental: exp_minikube_rps40_alvo50_jan300_r1
  taxa alvo            40 req/s
  carga oferecida      2.00 nucleos
  alvo de utilizacao   50%
  janela de reducao    300s
============================================================
[1/6] restaurando estado inicial
[2/6] aplicando HPA com alvo=50% e janela=300s
       aguardando metrica ficar disponivel
[3/6] iniciando coleta por 405s
       registrando linha de base por 45s
[4/6] aplicando carga de 40 req/s por 240s
[5/6] coletando relatorio do gerador
       taxa alvo 40.0 req/s, acumulada 39.97 req/s
       aderencia em regime 0.999 (media de 12 janelas)
       latencia p50 73.2 ms, p95 1392.3 ms
[6/6] observando reducao por 120s
Concluido. 77 amostras em /home/rkai03/psi5120/tp1/dados/exp_minikube_rps40_alvo50_jan300_r1.csv

============================================================
Ponto experimental: exp_minikube_rps40_alvo50_jan300_r2
  taxa alvo            40 req/s
  carga oferecida      2.00 nucleos
  alvo de utilizacao   50%
  janela de reducao    300s
============================================================
[1/6] restaurando estado inicial
[2/6] aplicando HPA com alvo=50% e janela=300s
       aguardando metrica ficar disponivel
[3/6] iniciando coleta por 405s
       registrando linha de base por 45s
[4/6] aplicando carga de 40 req/s por 240s
[5/6] coletando relatorio do gerador
       taxa alvo 40.0 req/s, acumulada 39.97 req/s
       aderencia em regime 0.999 (media de 12 janelas)
       latencia p50 77.4 ms, p95 2297.3 ms
[6/6] observando reducao por 120s
Concluido. 77 amostras em /home/rkai03/psi5120/tp1/dados/exp_minikube_rps40_alvo50_jan300_r2.csv

============================================================
Ponto experimental: exp_minikube_rps40_alvo50_jan300_r3
  taxa alvo            40 req/s
  carga oferecida      2.00 nucleos
  alvo de utilizacao   50%
  janela de reducao    300s
============================================================
[1/6] restaurando estado inicial
[2/6] aplicando HPA com alvo=50% e janela=300s
       aguardando metrica ficar disponivel
[3/6] iniciando coleta por 405s
       registrando linha de base por 45s
[4/6] aplicando carga de 40 req/s por 240s
[5/6] coletando relatorio do gerador
       taxa alvo 40.0 req/s, acumulada 39.97 req/s
       aderencia em regime 0.999 (media de 12 janelas)
       latencia p50 68.9 ms, p95 294.9 ms
[6/6] observando reducao por 120s
Concluido. 77 amostras em /home/rkai03/psi5120/tp1/dados/exp_minikube_rps40_alvo50_jan300_r3.csv

============================================================
Ponto experimental: exp_minikube_rps40_alvo70_jan300_r1
  taxa alvo            40 req/s
  carga oferecida      2.00 nucleos
  alvo de utilizacao   70%
  janela de reducao    300s
============================================================
[1/6] restaurando estado inicial
[2/6] aplicando HPA com alvo=70% e janela=300s
       aguardando metrica ficar disponivel
[3/6] iniciando coleta por 405s
       registrando linha de base por 45s
[4/6] aplicando carga de 40 req/s por 240s
[5/6] coletando relatorio do gerador
       taxa alvo 40.0 req/s, acumulada 39.97 req/s
       aderencia em regime 0.999 (media de 12 janelas)
       latencia p50 73.3 ms, p95 340.3 ms
[6/6] observando reducao por 120s
Concluido. 77 amostras em /home/rkai03/psi5120/tp1/dados/exp_minikube_rps40_alvo70_jan300_r1.csv

============================================================
Ponto experimental: exp_minikube_rps40_alvo70_jan300_r2
  taxa alvo            40 req/s
  carga oferecida      2.00 nucleos
  alvo de utilizacao   70%
  janela de reducao    300s
============================================================
[1/6] restaurando estado inicial
[2/6] aplicando HPA com alvo=70% e janela=300s
       aguardando metrica ficar disponivel
[3/6] iniciando coleta por 405s
       registrando linha de base por 45s
[4/6] aplicando carga de 40 req/s por 240s
[5/6] coletando relatorio do gerador
       taxa alvo 40.0 req/s, acumulada 38.54 req/s
       aderencia em regime 0.999 (media de 12 janelas)
       latencia p50 80.0 ms, p95 3277.1 ms
[6/6] observando reducao por 120s
Concluido. 77 amostras em /home/rkai03/psi5120/tp1/dados/exp_minikube_rps40_alvo70_jan300_r2.csv

============================================================
Ponto experimental: exp_minikube_rps40_alvo70_jan300_r3
  taxa alvo            40 req/s
  carga oferecida      2.00 nucleos
  alvo de utilizacao   70%
  janela de reducao    300s
============================================================
[1/6] restaurando estado inicial
[2/6] aplicando HPA com alvo=70% e janela=300s
       aguardando metrica ficar disponivel
[3/6] iniciando coleta por 405s
       registrando linha de base por 45s
[4/6] aplicando carga de 40 req/s por 240s
[5/6] coletando relatorio do gerador
       taxa alvo 40.0 req/s, acumulada 39.97 req/s
       aderencia em regime 0.999 (media de 12 janelas)
       latencia p50 78.1 ms, p95 351.8 ms
[6/6] observando reducao por 120s
Concluido. 77 amostras em /home/rkai03/psi5120/tp1/dados/exp_minikube_rps40_alvo70_jan300_r3.csv


############################################################
# Varredura B: carga oferecida
############################################################
============================================================
Ponto experimental: exp_minikube_rps20_alvo50_jan300_r1
  taxa alvo            20 req/s
  carga oferecida      1.00 nucleos
  alvo de utilizacao   50%
  janela de reducao    300s
============================================================
[1/6] restaurando estado inicial
[2/6] aplicando HPA com alvo=50% e janela=300s
       aguardando metrica ficar disponivel
[3/6] iniciando coleta por 405s
       registrando linha de base por 45s
[4/6] aplicando carga de 20 req/s por 240s
[5/6] coletando relatorio do gerador
       taxa alvo 20.0 req/s, acumulada 19.99 req/s
       aderencia em regime 0.999 (media de 12 janelas)
       latencia p50 63.0 ms, p95 124.0 ms
[6/6] observando reducao por 120s
Concluido. 77 amostras em /home/rkai03/psi5120/tp1/dados/exp_minikube_rps20_alvo50_jan300_r1.csv

============================================================
Ponto experimental: exp_minikube_rps20_alvo50_jan300_r2
  taxa alvo            20 req/s
  carga oferecida      1.00 nucleos
  alvo de utilizacao   50%
  janela de reducao    300s
============================================================
[1/6] restaurando estado inicial
[2/6] aplicando HPA com alvo=50% e janela=300s
       aguardando metrica ficar disponivel
[3/6] iniciando coleta por 405s
       registrando linha de base por 45s
[4/6] aplicando carga de 20 req/s por 240s
[5/6] coletando relatorio do gerador
       taxa alvo 20.0 req/s, acumulada 19.99 req/s
       aderencia em regime 0.999 (media de 12 janelas)
       latencia p50 54.0 ms, p95 149.7 ms
[6/6] observando reducao por 120s
Concluido. 77 amostras em /home/rkai03/psi5120/tp1/dados/exp_minikube_rps20_alvo50_jan300_r2.csv

============================================================
Ponto experimental: exp_minikube_rps20_alvo50_jan300_r3
  taxa alvo            20 req/s
  carga oferecida      1.00 nucleos
  alvo de utilizacao   50%
  janela de reducao    300s
============================================================
[1/6] restaurando estado inicial
[2/6] aplicando HPA com alvo=50% e janela=300s
       aguardando metrica ficar disponivel
[3/6] iniciando coleta por 405s
       registrando linha de base por 45s
[4/6] aplicando carga de 20 req/s por 240s
[5/6] coletando relatorio do gerador
       taxa alvo 20.0 req/s, acumulada 19.99 req/s
       aderencia em regime 0.999 (media de 12 janelas)
       latencia p50 54.3 ms, p95 123.3 ms
[6/6] observando reducao por 120s
Concluido. 77 amostras em /home/rkai03/psi5120/tp1/dados/exp_minikube_rps20_alvo50_jan300_r3.csv

============================================================
Ponto experimental: exp_minikube_rps40_alvo50_jan300_r1
  taxa alvo            40 req/s
  carga oferecida      2.00 nucleos
  alvo de utilizacao   50%
  janela de reducao    300s
============================================================
[1/6] restaurando estado inicial
[2/6] aplicando HPA com alvo=50% e janela=300s
       aguardando metrica ficar disponivel
[3/6] iniciando coleta por 405s
       registrando linha de base por 45s
[4/6] aplicando carga de 40 req/s por 240s
[5/6] coletando relatorio do gerador
       taxa alvo 40.0 req/s, acumulada 39.97 req/s
       aderencia em regime 0.999 (media de 12 janelas)
       latencia p50 71.9 ms, p95 330.5 ms
[6/6] observando reducao por 120s
Concluido. 77 amostras em /home/rkai03/psi5120/tp1/dados/exp_minikube_rps40_alvo50_jan300_r1.csv

============================================================
Ponto experimental: exp_minikube_rps40_alvo50_jan300_r2
  taxa alvo            40 req/s
  carga oferecida      2.00 nucleos
  alvo de utilizacao   50%
  janela de reducao    300s
============================================================
[1/6] restaurando estado inicial
[2/6] aplicando HPA com alvo=50% e janela=300s
       aguardando metrica ficar disponivel
[3/6] iniciando coleta por 405s
       registrando linha de base por 45s
[4/6] aplicando carga de 40 req/s por 240s
[5/6] coletando relatorio do gerador
       taxa alvo 40.0 req/s, acumulada 39.97 req/s
       aderencia em regime 0.999 (media de 12 janelas)
       latencia p50 71.5 ms, p95 344.9 ms
[6/6] observando reducao por 120s
Concluido. 77 amostras em /home/rkai03/psi5120/tp1/dados/exp_minikube_rps40_alvo50_jan300_r2.csv

============================================================
Ponto experimental: exp_minikube_rps40_alvo50_jan300_r3
  taxa alvo            40 req/s
  carga oferecida      2.00 nucleos
  alvo de utilizacao   50%
  janela de reducao    300s
============================================================
[1/6] restaurando estado inicial
[2/6] aplicando HPA com alvo=50% e janela=300s
       aguardando metrica ficar disponivel
[3/6] iniciando coleta por 405s
       registrando linha de base por 45s
[4/6] aplicando carga de 40 req/s por 240s
[5/6] coletando relatorio do gerador
       taxa alvo 40.0 req/s, acumulada 39.97 req/s
       aderencia em regime 0.999 (media de 12 janelas)
       latencia p50 73.9 ms, p95 1387.9 ms
[6/6] observando reducao por 120s
Concluido. 77 amostras em /home/rkai03/psi5120/tp1/dados/exp_minikube_rps40_alvo50_jan300_r3.csv

============================================================
Ponto experimental: exp_minikube_rps80_alvo50_jan300_r1
  taxa alvo            80 req/s
  carga oferecida      4.00 nucleos
  alvo de utilizacao   50%
  janela de reducao    300s
============================================================
[1/6] restaurando estado inicial
[2/6] aplicando HPA com alvo=50% e janela=300s
       aguardando metrica ficar disponivel
[3/6] iniciando coleta por 405s
       registrando linha de base por 45s
[4/6] aplicando carga de 80 req/s por 240s
[5/6] coletando relatorio do gerador
       taxa alvo 80.0 req/s, acumulada 74.28 req/s
       aderencia em regime 0.999 (media de 12 janelas)
       latencia p50 94.9 ms, p95 3295.1 ms
[6/6] observando reducao por 120s
Concluido. 77 amostras em /home/rkai03/psi5120/tp1/dados/exp_minikube_rps80_alvo50_jan300_r1.csv

============================================================
Ponto experimental: exp_minikube_rps80_alvo50_jan300_r2
  taxa alvo            80 req/s
  carga oferecida      4.00 nucleos
  alvo de utilizacao   50%
  janela de reducao    300s
============================================================
[1/6] restaurando estado inicial
[2/6] aplicando HPA com alvo=50% e janela=300s
       aguardando metrica ficar disponivel
[3/6] iniciando coleta por 405s
       registrando linha de base por 45s
[4/6] aplicando carga de 80 req/s por 240s
[5/6] coletando relatorio do gerador
       taxa alvo 80.0 req/s, acumulada 73.63 req/s
       aderencia em regime 0.999 (media de 12 janelas)
       latencia p50 93.0 ms, p95 3048.9 ms
[6/6] observando reducao por 120s
Concluido. 77 amostras em /home/rkai03/psi5120/tp1/dados/exp_minikube_rps80_alvo50_jan300_r2.csv

============================================================
Ponto experimental: exp_minikube_rps80_alvo50_jan300_r3
  taxa alvo            80 req/s
  carga oferecida      4.00 nucleos
  alvo de utilizacao   50%
  janela de reducao    300s
============================================================
[1/6] restaurando estado inicial
[2/6] aplicando HPA com alvo=50% e janela=300s
       aguardando metrica ficar disponivel
[3/6] iniciando coleta por 405s
       registrando linha de base por 45s
[4/6] aplicando carga de 80 req/s por 240s
[5/6] coletando relatorio do gerador
       taxa alvo 80.0 req/s, acumulada 73.9 req/s
       aderencia em regime 0.999 (media de 12 janelas)
       latencia p50 95.8 ms, p95 3409.6 ms
[6/6] observando reducao por 120s
Concluido. 77 amostras em /home/rkai03/psi5120/tp1/dados/exp_minikube_rps80_alvo50_jan300_r3.csv


############################################################
# Varredura C: janela de estabilizacao
############################################################
============================================================
Ponto experimental: exp_minikube_rps40_alvo50_jan60_r1
  taxa alvo            40 req/s
  carga oferecida      2.00 nucleos
  alvo de utilizacao   50%
  janela de reducao    60s
============================================================
[1/6] restaurando estado inicial
[2/6] aplicando HPA com alvo=50% e janela=60s
       aguardando metrica ficar disponivel
[3/6] iniciando coleta por 435s
       registrando linha de base por 45s
[4/6] aplicando carga de 40 req/s por 180s
[5/6] coletando relatorio do gerador
       taxa alvo 40.0 req/s, acumulada 39.96 req/s
       aderencia em regime 0.999 (media de 9 janelas)
       latencia p50 87.4 ms, p95 1413.9 ms
[6/6] observando reducao por 210s
Concluido. 83 amostras em /home/rkai03/psi5120/tp1/dados/exp_minikube_rps40_alvo50_jan60_r1.csv

============================================================
Ponto experimental: exp_minikube_rps40_alvo50_jan60_r2
  taxa alvo            40 req/s
  carga oferecida      2.00 nucleos
  alvo de utilizacao   50%
  janela de reducao    60s
============================================================
[1/6] restaurando estado inicial
[2/6] aplicando HPA com alvo=50% e janela=60s
       aguardando metrica ficar disponivel
[3/6] iniciando coleta por 435s
       registrando linha de base por 45s
[4/6] aplicando carga de 40 req/s por 180s
[5/6] coletando relatorio do gerador
       taxa alvo 40.0 req/s, acumulada 39.57 req/s
       aderencia em regime 0.999 (media de 9 janelas)
       latencia p50 76.3 ms, p95 2397.0 ms
[6/6] observando reducao por 210s
Concluido. 83 amostras em /home/rkai03/psi5120/tp1/dados/exp_minikube_rps40_alvo50_jan60_r2.csv

============================================================
Ponto experimental: exp_minikube_rps40_alvo50_jan60_r3
  taxa alvo            40 req/s
  carga oferecida      2.00 nucleos
  alvo de utilizacao   50%
  janela de reducao    60s
============================================================
[1/6] restaurando estado inicial
[2/6] aplicando HPA com alvo=50% e janela=60s
       aguardando metrica ficar disponivel
[3/6] iniciando coleta por 435s
       registrando linha de base por 45s
[4/6] aplicando carga de 40 req/s por 180s
[5/6] coletando relatorio do gerador
       taxa alvo 40.0 req/s, acumulada 36.63 req/s
       aderencia em regime 0.999 (media de 9 janelas)
       latencia p50 86.8 ms, p95 4296.4 ms
[6/6] observando reducao por 210s
Concluido. 83 amostras em /home/rkai03/psi5120/tp1/dados/exp_minikube_rps40_alvo50_jan60_r3.csv

============================================================
Ponto experimental: exp_minikube_rps40_alvo50_jan180_r1
  taxa alvo            40 req/s
  carga oferecida      2.00 nucleos
  alvo de utilizacao   50%
  janela de reducao    180s
============================================================
[1/6] restaurando estado inicial
[2/6] aplicando HPA com alvo=50% e janela=180s
       aguardando metrica ficar disponivel
[3/6] iniciando coleta por 555s
       registrando linha de base por 45s
[4/6] aplicando carga de 40 req/s por 180s
[5/6] coletando relatorio do gerador
       taxa alvo 40.0 req/s, acumulada 39.08 req/s
       aderencia em regime 0.998 (media de 9 janelas)
       latencia p50 78.1 ms, p95 2803.5 ms
[6/6] observando reducao por 330s
Concluido. 106 amostras em /home/rkai03/psi5120/tp1/dados/exp_minikube_rps40_alvo50_jan180_r1.csv

============================================================
Ponto experimental: exp_minikube_rps40_alvo50_jan180_r2
  taxa alvo            40 req/s
  carga oferecida      2.00 nucleos
  alvo de utilizacao   50%
  janela de reducao    180s
============================================================
[1/6] restaurando estado inicial
[2/6] aplicando HPA com alvo=50% e janela=180s
       aguardando metrica ficar disponivel
[3/6] iniciando coleta por 555s
       registrando linha de base por 45s
[4/6] aplicando carga de 40 req/s por 180s
[5/6] coletando relatorio do gerador
       taxa alvo 40.0 req/s, acumulada 37.75 req/s
       aderencia em regime 0.999 (media de 9 janelas)
       latencia p50 91.5 ms, p95 4381.8 ms
[6/6] observando reducao por 330s
Concluido. 106 amostras em /home/rkai03/psi5120/tp1/dados/exp_minikube_rps40_alvo50_jan180_r2.csv

============================================================
Ponto experimental: exp_minikube_rps40_alvo50_jan180_r3
  taxa alvo            40 req/s
  carga oferecida      2.00 nucleos
  alvo de utilizacao   50%
  janela de reducao    180s
============================================================
[1/6] restaurando estado inicial
[2/6] aplicando HPA com alvo=50% e janela=180s
       aguardando metrica ficar disponivel
[3/6] iniciando coleta por 555s
       registrando linha de base por 45s
[4/6] aplicando carga de 40 req/s por 180s
[5/6] coletando relatorio do gerador
       taxa alvo 40.0 req/s, acumulada 39.11 req/s
       aderencia em regime 0.999 (media de 9 janelas)
       latencia p50 85.2 ms, p95 2415.9 ms
[6/6] observando reducao por 330s
Concluido. 106 amostras em /home/rkai03/psi5120/tp1/dados/exp_minikube_rps40_alvo50_jan180_r3.csv

============================================================
Ponto experimental: exp_minikube_rps40_alvo50_jan300_r1
  taxa alvo            40 req/s
  carga oferecida      2.00 nucleos
  alvo de utilizacao   50%
  janela de reducao    300s
============================================================
[1/6] restaurando estado inicial
[2/6] aplicando HPA com alvo=50% e janela=300s
       aguardando metrica ficar disponivel
[3/6] iniciando coleta por 675s
       registrando linha de base por 45s
[4/6] aplicando carga de 40 req/s por 180s
[5/6] coletando relatorio do gerador
       taxa alvo 40.0 req/s, acumulada 37.69 req/s
       aderencia em regime 0.999 (media de 9 janelas)
       latencia p50 92.2 ms, p95 4118.6 ms
[6/6] observando reducao por 450s
Concluido. 129 amostras em /home/rkai03/psi5120/tp1/dados/exp_minikube_rps40_alvo50_jan300_r1.csv

============================================================
Ponto experimental: exp_minikube_rps40_alvo50_jan300_r2
  taxa alvo            40 req/s
  carga oferecida      2.00 nucleos
  alvo de utilizacao   50%
  janela de reducao    300s
============================================================
[1/6] restaurando estado inicial
[2/6] aplicando HPA com alvo=50% e janela=300s
       aguardando metrica ficar disponivel
[3/6] iniciando coleta por 675s
       registrando linha de base por 45s
[4/6] aplicando carga de 40 req/s por 180s
[5/6] coletando relatorio do gerador
       taxa alvo 40.0 req/s, acumulada 38.9 req/s
       aderencia em regime 0.999 (media de 9 janelas)
       latencia p50 78.1 ms, p95 2645.0 ms
[6/6] observando reducao por 450s
Concluido. 128 amostras em /home/rkai03/psi5120/tp1/dados/exp_minikube_rps40_alvo50_jan300_r2.csv

============================================================
Ponto experimental: exp_minikube_rps40_alvo50_jan300_r3
  taxa alvo            40 req/s
  carga oferecida      2.00 nucleos
  alvo de utilizacao   50%
  janela de reducao    300s
============================================================
[1/6] restaurando estado inicial
[2/6] aplicando HPA com alvo=50% e janela=300s
       aguardando metrica ficar disponivel
[3/6] iniciando coleta por 675s
       registrando linha de base por 45s
[4/6] aplicando carga de 40 req/s por 180s
[5/6] coletando relatorio do gerador
       taxa alvo 40.0 req/s, acumulada 39.92 req/s
       aderencia em regime 0.998 (media de 9 janelas)
       latencia p50 77.4 ms, p95 2301.7 ms
[6/6] observando reducao por 450s
Concluido. 128 amostras em /home/rkai03/psi5120/tp1/dados/exp_minikube_rps40_alvo50_jan300_r3.csv


############################################################
# Varredura D: resolucao do pipeline de metricas
############################################################
Ajustando Metrics Server para --metric-resolution=15s
       aguardando reimplantacao
       aguardando metrica ficar disponivel
       configuracao efetiva: "--metric-resolution=15s"]
       pronto
============================================================
Ponto experimental: exp_minikube-res15_rps40_alvo50_jan300_r1
  taxa alvo            40 req/s
  carga oferecida      2.00 nucleos
  alvo de utilizacao   50%
  janela de reducao    300s
============================================================
[1/6] restaurando estado inicial
[2/6] aplicando HPA com alvo=50% e janela=300s
       aguardando metrica ficar disponivel
[3/6] iniciando coleta por 405s
       registrando linha de base por 45s
[4/6] aplicando carga de 40 req/s por 240s
[5/6] coletando relatorio do gerador
       taxa alvo 40.0 req/s, acumulada 39.97 req/s
       aderencia em regime 0.999 (media de 12 janelas)
       latencia p50 65.6 ms, p95 399.5 ms
[6/6] observando reducao por 120s
Concluido. 77 amostras em /home/rkai03/psi5120/tp1/dados/exp_minikube-res15_rps40_alvo50_jan300_r1.csv

============================================================
Ponto experimental: exp_minikube-res15_rps40_alvo50_jan300_r2
  taxa alvo            40 req/s
  carga oferecida      2.00 nucleos
  alvo de utilizacao   50%
  janela de reducao    300s
============================================================
[1/6] restaurando estado inicial
[2/6] aplicando HPA com alvo=50% e janela=300s
       aguardando metrica ficar disponivel
[3/6] iniciando coleta por 405s
       registrando linha de base por 45s
[4/6] aplicando carga de 40 req/s por 240s
[5/6] coletando relatorio do gerador
       taxa alvo 40.0 req/s, acumulada 39.97 req/s
       aderencia em regime 0.999 (media de 12 janelas)
       latencia p50 63.0 ms, p95 1310.5 ms
[6/6] observando reducao por 120s
Concluido. 77 amostras em /home/rkai03/psi5120/tp1/dados/exp_minikube-res15_rps40_alvo50_jan300_r2.csv

============================================================
Ponto experimental: exp_minikube-res15_rps40_alvo50_jan300_r3
  taxa alvo            40 req/s
  carga oferecida      2.00 nucleos
  alvo de utilizacao   50%
  janela de reducao    300s
============================================================
[1/6] restaurando estado inicial
[2/6] aplicando HPA com alvo=50% e janela=300s
       aguardando metrica ficar disponivel
[3/6] iniciando coleta por 405s
       registrando linha de base por 45s
[4/6] aplicando carga de 40 req/s por 240s
[5/6] coletando relatorio do gerador
       taxa alvo 40.0 req/s, acumulada 39.97 req/s
       aderencia em regime 0.999 (media de 12 janelas)
       latencia p50 64.3 ms, p95 313.7 ms
[6/6] observando reducao por 120s
Concluido. 77 amostras em /home/rkai03/psi5120/tp1/dados/exp_minikube-res15_rps40_alvo50_jan300_r3.csv

Ajustando Metrics Server para --metric-resolution=30s
       aguardando reimplantacao
       aguardando metrica ficar disponivel
       configuracao efetiva: "--metric-resolution=30s"]
       pronto
============================================================
Ponto experimental: exp_minikube-res30_rps40_alvo50_jan300_r1
  taxa alvo            40 req/s
  carga oferecida      2.00 nucleos
  alvo de utilizacao   50%
  janela de reducao    300s
============================================================
[1/6] restaurando estado inicial
[2/6] aplicando HPA com alvo=50% e janela=300s
       aguardando metrica ficar disponivel
[3/6] iniciando coleta por 405s
       registrando linha de base por 45s
[4/6] aplicando carga de 40 req/s por 240s
[5/6] coletando relatorio do gerador
       taxa alvo 40.0 req/s, acumulada 39.4 req/s
       aderencia em regime 0.999 (media de 12 janelas)
       latencia p50 67.9 ms, p95 2186.7 ms
[6/6] observando reducao por 120s
Concluido. 77 amostras em /home/rkai03/psi5120/tp1/dados/exp_minikube-res30_rps40_alvo50_jan300_r1.csv

============================================================
Ponto experimental: exp_minikube-res30_rps40_alvo50_jan300_r2
  taxa alvo            40 req/s
  carga oferecida      2.00 nucleos
  alvo de utilizacao   50%
  janela de reducao    300s
============================================================
[1/6] restaurando estado inicial
[2/6] aplicando HPA com alvo=50% e janela=300s
       aguardando metrica ficar disponivel
[3/6] iniciando coleta por 405s
       registrando linha de base por 45s
[4/6] aplicando carga de 40 req/s por 240s
[5/6] coletando relatorio do gerador
       taxa alvo 40.0 req/s, acumulada 39.11 req/s
       aderencia em regime 0.999 (media de 12 janelas)
       latencia p50 67.9 ms, p95 2124.1 ms
[6/6] observando reducao por 120s
Concluido. 77 amostras em /home/rkai03/psi5120/tp1/dados/exp_minikube-res30_rps40_alvo50_jan300_r2.csv

============================================================
Ponto experimental: exp_minikube-res30_rps40_alvo50_jan300_r3
  taxa alvo            40 req/s
  carga oferecida      2.00 nucleos
  alvo de utilizacao   50%
  janela de reducao    300s
============================================================
[1/6] restaurando estado inicial
[2/6] aplicando HPA com alvo=50% e janela=300s
       aguardando metrica ficar disponivel
[3/6] iniciando coleta por 405s
       registrando linha de base por 45s
[4/6] aplicando carga de 40 req/s por 240s
[5/6] coletando relatorio do gerador
       taxa alvo 40.0 req/s, acumulada 39.34 req/s
       aderencia em regime 0.999 (media de 12 janelas)
       latencia p50 68.4 ms, p95 2263.8 ms
[6/6] observando reducao por 120s
Concluido. 77 amostras em /home/rkai03/psi5120/tp1/dados/exp_minikube-res30_rps40_alvo50_jan300_r3.csv

Ajustando Metrics Server para --metric-resolution=60s
       aguardando reimplantacao
       aguardando metrica ficar disponivel
       configuracao efetiva: "--metric-resolution=60s"]
       pronto
============================================================
Ponto experimental: exp_minikube-res60_rps40_alvo50_jan300_r1
  taxa alvo            40 req/s
  carga oferecida      2.00 nucleos
  alvo de utilizacao   50%
  janela de reducao    300s
============================================================
[1/6] restaurando estado inicial
[2/6] aplicando HPA com alvo=50% e janela=300s
       aguardando metrica ficar disponivel
[3/6] iniciando coleta por 405s
       registrando linha de base por 45s
[4/6] aplicando carga de 40 req/s por 240s
[5/6] coletando relatorio do gerador
       taxa alvo 40.0 req/s, acumulada 39.11 req/s
       aderencia em regime 0.999 (media de 12 janelas)
       latencia p50 75.2 ms, p95 2209.6 ms
[6/6] observando reducao por 120s
Concluido. 77 amostras em /home/rkai03/psi5120/tp1/dados/exp_minikube-res60_rps40_alvo50_jan300_r1.csv

============================================================
Ponto experimental: exp_minikube-res60_rps40_alvo50_jan300_r2
  taxa alvo            40 req/s
  carga oferecida      2.00 nucleos
  alvo de utilizacao   50%
  janela de reducao    300s
============================================================
[1/6] restaurando estado inicial
[2/6] aplicando HPA com alvo=50% e janela=300s
       aguardando metrica ficar disponivel
[3/6] iniciando coleta por 405s
       registrando linha de base por 45s
[4/6] aplicando carga de 40 req/s por 240s
[5/6] coletando relatorio do gerador
       taxa alvo 40.0 req/s, acumulada 39.03 req/s
       aderencia em regime 0.999 (media de 12 janelas)
       latencia p50 71.7 ms, p95 2381.1 ms
[6/6] observando reducao por 120s
Concluido. 77 amostras em /home/rkai03/psi5120/tp1/dados/exp_minikube-res60_rps40_alvo50_jan300_r2.csv

============================================================
Ponto experimental: exp_minikube-res60_rps40_alvo50_jan300_r3
  taxa alvo            40 req/s
  carga oferecida      2.00 nucleos
  alvo de utilizacao   50%
  janela de reducao    300s
============================================================
[1/6] restaurando estado inicial
[2/6] aplicando HPA com alvo=50% e janela=300s
       aguardando metrica ficar disponivel
[3/6] iniciando coleta por 405s
       registrando linha de base por 45s
[4/6] aplicando carga de 40 req/s por 240s
[5/6] coletando relatorio do gerador
       taxa alvo 40.0 req/s, acumulada 39.71 req/s
       aderencia em regime 0.999 (media de 12 janelas)
       latencia p50 67.8 ms, p95 1695.6 ms
[6/6] observando reducao por 120s
Concluido. 77 amostras em /home/rkai03/psi5120/tp1/dados/exp_minikube-res60_rps40_alvo50_jan300_r3.csv

Restaurando resolucao original (60s)
Ajustando Metrics Server para --metric-resolution=60s
       aguardando reimplantacao
       aguardando metrica ficar disponivel
       configuracao efetiva: "--metric-resolution=60s"]
       pronto

============================================================
Matriz concluida em 278 minutos
Arquivos gerados:
21
============================================================
